// Jest Snapshot v1, https://goo.gl/fbAQLP

exports[`should correctly render Footer 1`] = `
<div
  className="footer"
>
  <p>
    <a
      href="https://www.mayoclinic.org/healthy-lifestyle/fitness/in-depth/exercise-intensity/art-20046887?pg=2"
    >
      Source: Mayo Clinic
    </a>
  </p>
  <p
    className="footer-copy"
  >
     Â© Shelly Yusuf 2018.
  </p>
</div>
`;
